{0.314073513697, 1.161302298115, 0.113038605298},
{0.725009759099, 0.600045114442, 1.304460964798},
{-0.349107534720, 0.257159091316, -1.682669676888},
{0.445440752317, 0.942995819797, 0.092903545773},
{1.856942627996, -0.986968107605, -1.098385024930},
{2.023217597386, 0.169399111491, 1.089281521044},
{-0.051657012608, -0.964911229287, -0.237202852230},
{0.570420489491, -0.062256787804, 0.412302012805},
{0.516870029122, 0.094766239151, 0.480264452277},
{0.935112122462, -0.052756094633, -0.767470500504},
{-0.221354406915, 1.906845857720, -0.376337338044},
{-1.225515281425, -1.436216797661, 1.895281398206},
{-0.644674227968, -1.510560444527, -0.816882449178},
{1.891241780491, -0.869313562402, 0.127082810177},
{-0.368265961704, 0.873739635567, 0.216847765717}